Archive member included to satisfy reference by file (symbol)

C:/Program Files/ST/STM32CubeIDE_1.16.0/STM32CubeIDE/plugins/com.st.stm32cube.ide.mcu.externaltools.gnu-tools-for-stm32.13.3.rel1.win32_1.0.0.202411081344/tools/bin/../lib/gcc/arm-none-eabi/13.3.1/../../../../arm-none-eabi/lib/thumb/v7e-m+fp/hard\libc_nano.a(libc_a-exit.o)
                              C:/Program Files/ST/STM32CubeIDE_1.16.0/STM32CubeIDE/plugins/com.st.stm32cube.ide.mcu.externaltools.gnu-tools-for-stm32.13.3.rel1.win32_1.0.0.202411081344/tools/bin/../lib/gcc/arm-none-eabi/13.3.1/../../../../arm-none-eabi/lib/thumb/v7e-m+fp/hard/crt0.o (exit)
C:/Program Files/ST/STM32CubeIDE_1.16.0/STM32CubeIDE/plugins/com.st.stm32cube.ide.mcu.externaltools.gnu-tools-for-stm32.13.3.rel1.win32_1.0.0.202411081344/tools/bin/../lib/gcc/arm-none-eabi/13.3.1/../../../../arm-none-eabi/lib/thumb/v7e-m+fp/hard\libc_nano.a(libc_a-findfp.o)
                              C:/Program Files/ST/STM32CubeIDE_1.16.0/STM32CubeIDE/plugins/com.st.stm32cube.ide.mcu.externaltools.gnu-tools-for-stm32.13.3.rel1.win32_1.0.0.202411081344/tools/bin/../lib/gcc/arm-none-eabi/13.3.1/../../../../arm-none-eabi/lib/thumb/v7e-m+fp/hard\libc_nano.a(libc_a-exit.o) (__stdio_exit_handler)
C:/Program Files/ST/STM32CubeIDE_1.16.0/STM32CubeIDE/plugins/com.st.stm32cube.ide.mcu.externaltools.gnu-tools-for-stm32.13.3.rel1.win32_1.0.0.202411081344/tools/bin/../lib/gcc/arm-none-eabi/13.3.1/../../../../arm-none-eabi/lib/thumb/v7e-m+fp/hard\libc_nano.a(libc_a-fwalk.o)
                              C:/Program Files/ST/STM32CubeIDE_1.16.0/STM32CubeIDE/plugins/com.st.stm32cube.ide.mcu.externaltools.gnu-tools-for-stm32.13.3.rel1.win32_1.0.0.202411081344/tools/bin/../lib/gcc/arm-none-eabi/13.3.1/../../../../arm-none-eabi/lib/thumb/v7e-m+fp/hard\libc_nano.a(libc_a-findfp.o) (_fwalk_sglue)
C:/Program Files/ST/STM32CubeIDE_1.16.0/STM32CubeIDE/plugins/com.st.stm32cube.ide.mcu.externaltools.gnu-tools-for-stm32.13.3.rel1.win32_1.0.0.202411081344/tools/bin/../lib/gcc/arm-none-eabi/13.3.1/../../../../arm-none-eabi/lib/thumb/v7e-m+fp/hard\libc_nano.a(libc_a-stdio.o)
                              C:/Program Files/ST/STM32CubeIDE_1.16.0/STM32CubeIDE/plugins/com.st.stm32cube.ide.mcu.externaltools.gnu-tools-for-stm32.13.3.rel1.win32_1.0.0.202411081344/tools/bin/../lib/gcc/arm-none-eabi/13.3.1/../../../../arm-none-eabi/lib/thumb/v7e-m+fp/hard\libc_nano.a(libc_a-findfp.o) (__sread)
C:/Program Files/ST/STM32CubeIDE_1.16.0/STM32CubeIDE/plugins/com.st.stm32cube.ide.mcu.externaltools.gnu-tools-for-stm32.13.3.rel1.win32_1.0.0.202411081344/tools/bin/../lib/gcc/arm-none-eabi/13.3.1/../../../../arm-none-eabi/lib/thumb/v7e-m+fp/hard\libc_nano.a(libc_a-memset.o)
                              C:/Program Files/ST/STM32CubeIDE_1.16.0/STM32CubeIDE/plugins/com.st.stm32cube.ide.mcu.externaltools.gnu-tools-for-stm32.13.3.rel1.win32_1.0.0.202411081344/tools/bin/../lib/gcc/arm-none-eabi/13.3.1/../../../../arm-none-eabi/lib/thumb/v7e-m+fp/hard/crt0.o (memset)
C:/Program Files/ST/STM32CubeIDE_1.16.0/STM32CubeIDE/plugins/com.st.stm32cube.ide.mcu.externaltools.gnu-tools-for-stm32.13.3.rel1.win32_1.0.0.202411081344/tools/bin/../lib/gcc/arm-none-eabi/13.3.1/../../../../arm-none-eabi/lib/thumb/v7e-m+fp/hard\libc_nano.a(libc_a-closer.o)
                              C:/Program Files/ST/STM32CubeIDE_1.16.0/STM32CubeIDE/plugins/com.st.stm32cube.ide.mcu.externaltools.gnu-tools-for-stm32.13.3.rel1.win32_1.0.0.202411081344/tools/bin/../lib/gcc/arm-none-eabi/13.3.1/../../../../arm-none-eabi/lib/thumb/v7e-m+fp/hard\libc_nano.a(libc_a-stdio.o) (_close_r)
C:/Program Files/ST/STM32CubeIDE_1.16.0/STM32CubeIDE/plugins/com.st.stm32cube.ide.mcu.externaltools.gnu-tools-for-stm32.13.3.rel1.win32_1.0.0.202411081344/tools/bin/../lib/gcc/arm-none-eabi/13.3.1/../../../../arm-none-eabi/lib/thumb/v7e-m+fp/hard\libc_nano.a(libc_a-reent.o)
                              C:/Program Files/ST/STM32CubeIDE_1.16.0/STM32CubeIDE/plugins/com.st.stm32cube.ide.mcu.externaltools.gnu-tools-for-stm32.13.3.rel1.win32_1.0.0.202411081344/tools/bin/../lib/gcc/arm-none-eabi/13.3.1/../../../../arm-none-eabi/lib/thumb/v7e-m+fp/hard\libc_nano.a(libc_a-closer.o) (errno)
C:/Program Files/ST/STM32CubeIDE_1.16.0/STM32CubeIDE/plugins/com.st.stm32cube.ide.mcu.externaltools.gnu-tools-for-stm32.13.3.rel1.win32_1.0.0.202411081344/tools/bin/../lib/gcc/arm-none-eabi/13.3.1/../../../../arm-none-eabi/lib/thumb/v7e-m+fp/hard\libc_nano.a(libc_a-impure.o)
                              C:/Program Files/ST/STM32CubeIDE_1.16.0/STM32CubeIDE/plugins/com.st.stm32cube.ide.mcu.externaltools.gnu-tools-for-stm32.13.3.rel1.win32_1.0.0.202411081344/tools/bin/../lib/gcc/arm-none-eabi/13.3.1/../../../../arm-none-eabi/lib/thumb/v7e-m+fp/hard\libc_nano.a(libc_a-reent.o) (_impure_ptr)
[...]
Memory Configuration

Name             Origin             Length             Attributes
RAM              0x20000000         0x00010000         xrw
FLASH            0x08000000         0x00040000         xr
*default*        0x00000000         0xffffffff

Linker script and memory map

LOAD C:/Program Files/ST/STM32CubeIDE_1.16.0/STM32CubeIDE/plugins/com.st.stm32cube.ide.mcu.externaltools.gnu-tools-for-stm32.13.3.rel1.win32_1.0.0.202411081344/tools/bin/../lib/gcc/arm-none-eabi/13.3.1/thumb/v7e-m+fp/hard/crti.o
LOAD C:/Program Files/ST/STM32CubeIDE_1.16.0/STM32CubeIDE/plugins/com.st.stm32cube.ide.mcu.externaltools.gnu-tools-for-stm32.13.3.rel1.win32_1.0.0.202411081344/tools/bin/../lib/gcc/arm-none-eabi/13.3.1/thumb/v7e-m+fp/hard/crtbegin.o
LOAD C:/Program Files/ST/STM32CubeIDE_1.16.0/STM32CubeIDE/plugins/com.st.stm32cube.ide.mcu.externaltools.gnu-tools-for-stm32.13.3.rel1.win32_1.0.0.202411081344/tools/bin/../lib/gcc/arm-none-eabi/13.3.1/../../../../arm-none-eabi/lib/thumb/v7e-m+fp/hard/crt0.o
LOAD ./Core/Src/main.o
LOAD ./Core/Src/stm32f4xx_hal_msp.o
LOAD ./Core/Src/stm32f4xx_it.o
LOAD ./Core/Src/syscalls.o
LOAD ./Core/Src/sysmem.o
LOAD ./Core/Src/system_stm32f4xx.o
LOAD ./Core/Startup/startup_stm32f401ccux.o
LOAD ./Drivers/STM32F4xx_HAL_Driver/Src/stm32f4xx_hal.o
LOAD ./Drivers/STM32F4xx_HAL_Driver/Src/stm32f4xx_hal_cortex.o
LOAD ./Drivers/STM32F4xx_HAL_Driver/Src/stm32f4xx_hal_dma.o
LOAD ./Drivers/STM32F4xx_HAL_Driver/Src/stm32f4xx_hal_dma_ex.o
LOAD ./Drivers/STM32F4xx_HAL_Driver/Src/stm32f4xx_hal_exti.o
LOAD ./Drivers/STM32F4xx_HAL_Driver/Src/stm32f4xx_hal_flash.o
LOAD ./Drivers/STM32F4xx_HAL_Driver/Src/stm32f4xx_hal_flash_ex.o
LOAD ./Drivers/STM32F4xx_HAL_Driver/Src/stm32f4xx_hal_flash_ramfunc.o
LOAD ./Drivers/STM32F4xx_HAL_Driver/Src/stm32f4xx_hal_gpio.o
LOAD ./Drivers/STM32F4xx_HAL_Driver/Src/stm32f4xx_hal_pwr.o
LOAD ./Drivers/STM32F4xx_HAL_Driver/Src/stm32f4xx_hal_pwr_ex.o
LOAD ./Drivers/STM32F4xx_HAL_Driver/Src/stm32f4xx_hal_rcc.o
LOAD ./Drivers/STM32F4xx_HAL_Driver/Src/stm32f4xx_hal_rcc_ex.o
START GROUP
LOAD C:/Program Files/ST/STM32CubeIDE_1.16.0/STM32CubeIDE/plugins/com.st.stm32cube.ide.mcu.externaltools.gnu-tools-for-stm32.13.3.rel1.win32_1.0.0.202411081344/tools/bin/../lib/gcc/arm-none-eabi/13.3.1/../../../../arm-none-eabi/lib/thumb/v7e-m+fp/hard\libc_nano.a
LOAD C:/Program Files/ST/STM32CubeIDE_1.16.0/STM32CubeIDE/plugins/com.st.stm32cube.ide.mcu.externaltools.gnu-tools-for-stm32.13.3.rel1.win32_1.0.0.202411081344/tools/bin/../lib/gcc/arm-none-eabi/13.3.1/../../../../arm-none-eabi/lib/thumb/v7e-m+fp/hard\libm.a
END GROUP
START GROUP
LOAD C:/Program Files/ST/STM32CubeIDE_1.16.0/STM32CubeIDE/plugins/com.st.stm32cube.ide.mcu.externaltools.gnu-tools-for-stm32.13.3.rel1.win32_1.0.0.202411081344/tools/bin/../lib/gcc/arm-none-eabi/13.3.1/thumb/v7e-m+fp/hard\libgcc.a
LOAD C:/Program Files/ST/STM32CubeIDE_1.16.0/STM32CubeIDE/plugins/com.st.stm32cube.ide.mcu.externaltools.gnu-tools-for-stm32.13.3.rel1.win32_1.0.0.202411081344/tools/bin/../lib/gcc/arm-none-eabi/13.3.1/../../../../arm-none-eabi/lib/thumb/v7e-m+fp/hard\libc_nano.a
END GROUP
START GROUP
LOAD C:/Program Files/ST/STM32CubeIDE_1.16.0/STM32CubeIDE/plugins/com.st.stm32cube.ide.mcu.externaltools.gnu-tools-for-stm32.13.3.rel1.win32_1.0.0.202411081344/tools/bin/../lib/gcc/arm-none-eabi/13.3.1/thumb/v7e-m+fp/hard\libgcc.a
LOAD C:/Program Files/ST/STM32CubeIDE_1.16.0/STM32CubeIDE/plugins/com.st.stm32cube.ide.mcu.externaltools.gnu-tools-for-stm32.13.3.rel1.win32_1.0.0.202411081344/tools/bin/../lib/gcc/arm-none-eabi/13.3.1/../../../../arm-none-eabi/lib/thumb/v7e-m+fp/hard\libc_nano.a
LOAD C:/Program Files/ST/STM32CubeIDE_1.16.0/STM32CubeIDE/plugins/com.st.stm32cube.ide.mcu.externaltools.gnu-tools-for-stm32.13.3.rel1.win32_1.0.0.202411081344/tools/bin/../lib/gcc/arm-none-eabi/13.3.1/../../../../arm-none-eabi/lib/thumb/v7e-m+fp/hard\libnosys.a
END GROUP
START GROUP
LOAD C:/Program Files/ST/STM32CubeIDE_1.16.0/STM32CubeIDE/plugins/com.st.stm32cube.ide.mcu.externaltools.gnu-tools-for-stm32.13.3.rel1.win32_1.0.0.202411081344/tools/bin/../lib/gcc/arm-none-eabi/13.3.1/thumb/v7e-m+fp/hard\libgcc.a
LOAD C:/Program Files/ST/STM32CubeIDE_1.16.0/STM32CubeIDE/plugins/com.st.stm32cube.ide.mcu.externaltools.gnu-tools-for-stm32.13.3.rel1.win32_1.0.0.202411081344/tools/bin/../lib/gcc/arm-none-eabi/13.3.1/../../../../arm-none-eabi/lib/thumb/v7e-m+fp/hard\libc_nano.a
LOAD C:/Program Files/ST/STM32CubeIDE_1.16.0/STM32CubeIDE/plugins/com.st.stm32cube.ide.mcu.externaltools.gnu-tools-for-stm32.13.3.rel1.win32_1.0.0.202411081344/tools/bin/../lib/gcc/arm-none-eabi/13.3.1/../../../../arm-none-eabi/lib/thumb/v7e-m+fp/hard\libnosys.a
END GROUP
LOAD C:/Program Files/ST/STM32CubeIDE_1.16.0/STM32CubeIDE/plugins/com.st.stm32cube.ide.mcu.externaltools.gnu-tools-for-stm32.13.3.rel1.win32_1.0.0.202411081344/tools/bin/../lib/gcc/arm-none-eabi/13.3.1/thumb/v7e-m+fp/hard/crtend.o
LOAD C:/Program Files/ST/STM32CubeIDE_1.16.0/STM32CubeIDE/plugins/com.st.stm32cube.ide.mcu.externaltools.gnu-tools-for-stm32.13.3.rel1.win32_1.0.0.202411081344/tools/bin/../lib/gcc/arm-none-eabi/13.3.1/thumb/v7e-m+fp/hard/crtn.o
                0x20010000                        _estack = (ORIGIN (RAM) + LENGTH (RAM))
                0x00000200                        _Min_Heap_Size = 0x200
                0x00000400                        _Min_Stack_Size = 0x400

.isr_vector     0x08000000      0x194
                0x08000000                        . = ALIGN (0x4)
 *(.isr_vector)
 .isr_vector    0x08000000      0x194 ./Core/Startup/startup_stm32f401ccux.o
                0x08000000                g_pfnVectors
                0x08000194                        . = ALIGN (0x4)

.text           0x08000194     0x1754
                0x08000194                        . = ALIGN (0x4)
 *(.text)
 .text          0x08000194       0x40 C:/Program Files/ST/STM32CubeIDE_1.16.0/STM32CubeIDE/plugins/com.st.stm32cube.ide.mcu.externaltools.gnu-tools-for-stm32.13.3.rel1.win32_1.0.0.202411081344/tools/bin/../lib/gcc/arm-none-eabi/13.3.1/thumb/v7e-m+fp/hard/crtbegin.o
 .text          0x080001d4       0x14 C:/Program Files/ST/STM32CubeIDE_1.16.0/STM32CubeIDE/plugins/com.st.stm32cube.ide.mcu.externaltools.gnu-tools-for-stm32.13.3.rel1.win32_1.0.0.202411081344/tools/bin/../lib/gcc/arm-none-eabi/13.3.1/../../../../arm-none-eabi/lib/thumb/v7e-m+fp/hard\libc_nano.a(libc_a-strcmp.o)
                0x080001d4                strcmp
 .text          0x080001e8       0x30 C:/Program Files/ST/STM32CubeIDE_1.16.0/STM32CubeIDE/plugins/com.st.stm32cube.ide.mcu.externaltools.gnu-tools-for-stm32.13.3.rel1.win32_1.0.0.202411081344/tools/bin/../lib/gcc/arm-none-eabi/13.3.1/thumb/v7e-m+fp/hard\libgcc.a(_aeabi_uldivmod.o)
                0x080001e8                __aeabi_uldivmod
 .text          0x08000218      0x2f8 C:/Program Files/ST/STM32CubeIDE_1.16.0/STM32CubeIDE/plugins/com.st.stm32cube.ide.mcu.externaltools.gnu-tools-for-stm32.13.3.rel1.win32_1.0.0.202411081344/tools/bin/../lib/gcc/arm-none-eabi/13.3.1/thumb/v7e-m+fp/hard\libgcc.a(_udivmoddi4.o)
                0x08000218                __udivmoddi4
 .text          0x08000510        0x4 C:/Program Files/ST/STM32CubeIDE_1.16.0/STM32CubeIDE/plugins/com.st.stm32cube.ide.mcu.externaltools.gnu-tools-for-stm32.13.3.rel1.win32_1.0.0.202411081344/tools/bin/../lib/gcc/arm-none-eabi/13.3.1/thumb/v7e-m+fp/hard\libgcc.a(_dvmd_tls.o)
                0x08000510                __aeabi_idiv0
                0x08000510                __aeabi_ldiv0
 *(.text*)
 .text.__NVIC_EnableIRQ
                0x08000514       0x3c ./Core/Src/main.o
 .text.__NVIC_SetPriority
                0x08000550       0x54 ./Core/Src/main.o
 .text.main     0x080005a4       0xb4 ./Core/Src/main.o
                0x080005a4                main
 .text.Motor_Forward
                0x08000658       0x30 ./Core/Src/main.o
                0x08000658                Motor_Forward
 .text.Motor_Reverse
                0x08000688       0x30 ./Core/Src/main.o
                0x08000688                Motor_Reverse
 .text.Motor_Stop
                0x080006b8       0x34 ./Core/Src/main.o
                0x080006b8                Motor_Stop
 .text.GPIO_Init
                0x080006ec      0x114 ./Core/Src/main.o
                0x080006ec                GPIO_Init
 .text.ADC1_Init
                0x08000800       0xac ./Core/Src/main.o
                0x08000800                ADC1_Init
 .text.ADC_IRQHandler
                0x080008ac       0x58 ./Core/Src/main.o
                0x080008ac                ADC_IRQHandler
 .text.USART1_Init
                0x08000904       0x34 ./Core/Src/main.o
                0x08000904                USART1_Init
 .text.Serial_Print
                0x08000938       0x40 ./Core/Src/main.o
                0x08000938                Serial_Print
 .text.USART2_Init
                0x08000978       0x3c ./Core/Src/main.o
                0x08000978                USART2_Init
 .text.USART2_IRQHandler
                0x080009b4      0x140 ./Core/Src/main.o
                0x080009b4                USART2_IRQHandler
 .text.TIM2_Init
                0x08000af4       0x64 ./Core/Src/main.o
                0x08000af4                TIM2_Init
 .text.delay_ms
                0x08000b58       0x34 ./Core/Src/main.o
                0x08000b58                delay_ms
 .text.SystemClock_Config
                0x08000b8c       0xc0 ./Core/Src/main.o
                0x08000b8c                SystemClock_Config
 .text.Error_Handler
                0x08000c4c        0xc ./Core/Src/main.o
                0x08000c4c                Error_Handler
 .text.HAL_MspInit
                0x08000c58       0x50 ./Core/Src/stm32f4xx_hal_msp.o
                0x08000c58                HAL_MspInit
 .text.NMI_Handler
                0x08000ca8        0x8 ./Core/Src/stm32f4xx_it.o
                0x08000ca8                NMI_Handler
 .text.HardFault_Handler
                0x08000cb0        0x8 ./Core/Src/stm32f4xx_it.o
                0x08000cb0                HardFault_Handler
 .text.MemManage_Handler
                0x08000cb8        0x8 ./Core/Src/stm32f4xx_it.o
                0x08000cb8                MemManage_Handler
 .text.BusFault_Handler
                0x08000cc0        0x8 ./Core/Src/stm32f4xx_it.o
                0x08000cc0                BusFault_Handler
 .text.UsageFault_Handler
                0x08000cc8        0x8 ./Core/Src/stm32f4xx_it.o
                0x08000cc8                UsageFault_Handler
 .text.SVC_Handler
                0x08000cd0        0xe ./Core/Src/stm32f4xx_it.o
                0x08000cd0                SVC_Handler
 .text.DebugMon_Handler
                0x08000cde        0xe ./Core/Src/stm32f4xx_it.o
                0x08000cde                DebugMon_Handler
 .text.PendSV_Handler
                0x08000cec        0xe ./Core/Src/stm32f4xx_it.o
                0x08000cec                PendSV_Handler
 .text.SysTick_Handler
                0x08000cfa        0xc ./Core/Src/stm32f4xx_it.o
                0x08000cfa                SysTick_Handler
 *fill*         0x08000d06        0x2 
 .text.SystemInit
                0x08000d08       0x24 ./Core/Src/system_stm32f4xx.o
                0x08000d08                SystemInit
 .text.Reset_Handler
                0x08000d2c       0x50 ./Core/Startup/startup_stm32f401ccux.o
                0x08000d2c                Reset_Handler
 .text.Default_Handler
                0x08000d7c        0x2 ./Core/Startup/startup_stm32f401ccux.o
                0x08000d7c                RTC_Alarm_IRQHandler
                0x08000d7c                EXTI2_IRQHandler
                0x08000d7c                SPI4_IRQHandler
                0x08000d7c                TIM1_CC_IRQHandler
                0x08000d7c                DMA2_Stream5_IRQHandler
                0x08000d7c                DMA1_Stream5_IRQHandler
                0x08000d7c                PVD_IRQHandler
                0x08000d7c                SDIO_IRQHandler
                0x08000d7c                TAMP_STAMP_IRQHandler
                0x08000d7c                EXTI3_IRQHandler
                0x08000d7c                TIM1_UP_TIM10_IRQHandler
                0x08000d7c                I2C3_ER_IRQHandler
                0x08000d7c                EXTI0_IRQHandler
                0x08000d7c                I2C2_EV_IRQHandler
                0x08000d7c                DMA1_Stream2_IRQHandler
                0x08000d7c                FPU_IRQHandler
                0x08000d7c                DMA2_Stream2_IRQHandler
                0x08000d7c                SPI1_IRQHandler
                0x08000d7c                TIM1_BRK_TIM9_IRQHandler
                0x08000d7c                DMA2_Stream3_IRQHandler
                0x08000d7c                USART6_IRQHandler
                0x08000d7c                DMA2_Stream0_IRQHandler
                0x08000d7c                TIM4_IRQHandler
                0x08000d7c                I2C1_EV_IRQHandler
                0x08000d7c                DMA1_Stream6_IRQHandler
                0x08000d7c                DMA1_Stream1_IRQHandler
                0x08000d7c                TIM3_IRQHandler
                0x08000d7c                RCC_IRQHandler
                0x08000d7c                Default_Handler
                0x08000d7c                EXTI15_10_IRQHandler
                0x08000d7c                DMA1_Stream7_IRQHandler
                0x08000d7c                TIM5_IRQHandler
                0x08000d7c                DMA2_Stream7_IRQHandler
                0x08000d7c                I2C3_EV_IRQHandler
                0x08000d7c                EXTI9_5_IRQHandler
                0x08000d7c                RTC_WKUP_IRQHandler
                0x08000d7c                SPI2_IRQHandler
                0x08000d7c                DMA1_Stream0_IRQHandler
                0x08000d7c                EXTI4_IRQHandler
                0x08000d7c                WWDG_IRQHandler
                0x08000d7c                TIM2_IRQHandler
                0x08000d7c                OTG_FS_WKUP_IRQHandler
                0x08000d7c                TIM1_TRG_COM_TIM11_IRQHandler
                0x08000d7c                EXTI1_IRQHandler
                0x08000d7c                I2C2_ER_IRQHandler
                0x08000d7c                DMA2_Stream1_IRQHandler
                0x08000d7c                FLASH_IRQHandler
                0x08000d7c                DMA2_Stream4_IRQHandler
                0x08000d7c                USART1_IRQHandler
                0x08000d7c                OTG_FS_IRQHandler
                0x08000d7c                SPI3_IRQHandler
                0x08000d7c                DMA1_Stream4_IRQHandler
                0x08000d7c                I2C1_ER_IRQHandler
                0x08000d7c                DMA2_Stream6_IRQHandler
                0x08000d7c                DMA1_Stream3_IRQHandler
 *fill*         0x08000d7e        0x2 
 .text.HAL_Init
                0x08000d80       0x44 ./Drivers/STM32F4xx_HAL_Driver/Src/stm32f4xx_hal.o
                0x08000d80                HAL_Init
 .text.HAL_InitTick
                0x08000dc4       0x60 ./Drivers/STM32F4xx_HAL_Driver/Src/stm32f4xx_hal.o
                0x08000dc4                HAL_InitTick
 .text.HAL_IncTick
                0x08000e24       0x28 ./Drivers/STM32F4xx_HAL_Driver/Src/stm32f4xx_hal.o
                0x08000e24                HAL_IncTick
 .text.HAL_GetTick
                0x08000e4c       0x18 ./Drivers/STM32F4xx_HAL_Driver/Src/stm32f4xx_hal.o
                0x08000e4c                HAL_GetTick
 .text.__NVIC_SetPriorityGrouping
                0x08000e64       0x48 ./Drivers/STM32F4xx_HAL_Driver/Src/stm32f4xx_hal_cortex.o
 .text.__NVIC_GetPriorityGrouping
                0x08000eac       0x1c ./Drivers/STM32F4xx_HAL_Driver/Src/stm32f4xx_hal_cortex.o
 .text.__NVIC_SetPriority
                0x08000ec8       0x54 ./Drivers/STM32F4xx_HAL_Driver/Src/stm32f4xx_hal_cortex.o
 .text.NVIC_EncodePriority
                0x08000f1c       0x66 ./Drivers/STM32F4xx_HAL_Driver/Src/stm32f4xx_hal_cortex.o
 *fill*         0x08000f82        0x2 
 .text.SysTick_Config
                0x08000f84       0x44 ./Drivers/STM32F4xx_HAL_Driver/Src/stm32f4xx_hal_cortex.o
 .text.HAL_NVIC_SetPriorityGrouping
                0x08000fc8       0x16 ./Drivers/STM32F4xx_HAL_Driver/Src/stm32f4xx_hal_cortex.o
                0x08000fc8                HAL_NVIC_SetPriorityGrouping
 .text.HAL_NVIC_SetPriority
                0x08000fde       0x38 ./Drivers/STM32F4xx_HAL_Driver/Src/stm32f4xx_hal_cortex.o
                0x08000fde                HAL_NVIC_SetPriority
 .text.HAL_SYSTICK_Config
                0x08001016       0x18 ./Drivers/STM32F4xx_HAL_Driver/Src/stm32f4xx_hal_cortex.o
                0x08001016                HAL_SYSTICK_Config
 *fill*         0x0800102e        0x2 
 .text.HAL_RCC_OscConfig
                0x08001030      0x4f0 ./Drivers/STM32F4xx_HAL_Driver/Src/stm32f4xx_hal_rcc.o
                0x08001030                HAL_RCC_OscConfig
 .text.HAL_RCC_ClockConfig
                0x08001520      0x1cc ./Drivers/STM32F4xx_HAL_Driver/Src/stm32f4xx_hal_rcc.o
                0x08001520                HAL_RCC_ClockConfig
 .text.HAL_RCC_GetSysClockFreq
                0x080016ec      0x18c ./Drivers/STM32F4xx_HAL_Driver/Src/stm32f4xx_hal_rcc.o
                0x080016ec                HAL_RCC_GetSysClockFreq
 .text.memset   0x08001878       0x10 C:/Program Files/ST/STM32CubeIDE_1.16.0/STM32CubeIDE/plugins/com.st.stm32cube.ide.mcu.externaltools.gnu-tools-for-stm32.13.3.rel1.win32_1.0.0.202411081344/tools/bin/../lib/gcc/arm-none-eabi/13.3.1/../../../../arm-none-eabi/lib/thumb/v7e-m+fp/hard\libc_nano.a(libc_a-memset.o)
                0x08001878                memset
 .text.__libc_init_array
                0x08001888       0x48 C:/Program Files/ST/STM32CubeIDE_1.16.0/STM32CubeIDE/plugins/com.st.stm32cube.ide.mcu.externaltools.gnu-tools-for-stm32.13.3.rel1.win32_1.0.0.202411081344/tools/bin/../lib/gcc/arm-none-eabi/13.3.1/../../../../arm-none-eabi/lib/thumb/v7e-m+fp/hard\libc_nano.a(libc_a-init.o)
                0x08001888                __libc_init_array
 *(.glue_7)
 .glue_7        0x080018d0        0x0 linker stubs
 *(.glue_7t)
 .glue_7t       0x080018d0        0x0 linker stubs
 *(.eh_frame)
 .eh_frame      0x080018d0        0x0 C:/Program Files/ST/STM32CubeIDE_1.16.0/STM32CubeIDE/plugins/com.st.stm32cube.ide.mcu.externaltools.gnu-tools-for-stm32.13.3.rel1.win32_1.0.0.202411081344/tools/bin/../lib/gcc/arm-none-eabi/13.3.1/thumb/v7e-m+fp/hard/crtbegin.o
 *(.init)
 .init          0x080018d0        0x4 C:/Program Files/ST/STM32CubeIDE_1.16.0/STM32CubeIDE/plugins/com.st.stm32cube.ide.mcu.externaltools.gnu-tools-for-stm32.13.3.rel1.win32_1.0.0.202411081344/tools/bin/../lib/gcc/arm-none-eabi/13.3.1/thumb/v7e-m+fp/hard/crti.o
                0x080018d0                _init
 .init          0x080018d4        0x8 C:/Program Files/ST/STM32CubeIDE_1.16.0/STM32CubeIDE/plugins/com.st.stm32cube.ide.mcu.externaltools.gnu-tools-for-stm32.13.3.rel1.win32_1.0.0.202411081344/tools/bin/../lib/gcc/arm-none-eabi/13.3.1/thumb/v7e-m+fp/hard/crtn.o
 *(.fini)
 .fini          0x080018dc        0x4 C:/Program Files/ST/STM32CubeIDE_1.16.0/STM32CubeIDE/plugins/com.st.stm32cube.ide.mcu.externaltools.gnu-tools-for-stm32.13.3.rel1.win32_1.0.0.202411081344/tools/bin/../lib/gcc/arm-none-eabi/13.3.1/thumb/v7e-m+fp/hard/crti.o
                0x080018dc                _fini
 .fini          0x080018e0        0x8 C:/Program Files/ST/STM32CubeIDE_1.16.0/STM32CubeIDE/plugins/com.st.stm32cube.ide.mcu.externaltools.gnu-tools-for-stm32.13.3.rel1.win32_1.0.0.202411081344/tools/bin/../lib/gcc/arm-none-eabi/13.3.1/thumb/v7e-m+fp/hard/crtn.o
                0x080018e8                        . = ALIGN (0x4)
                0x080018e8                        _etext = .

.vfp11_veneer   0x080018e8        0x0
 .vfp11_veneer  0x080018e8        0x0 linker stubs

.v4_bx          0x080018e8        0x0
 .v4_bx         0x080018e8        0x0 linker stubs

.iplt           0x080018e8        0x0
 .iplt          0x080018e8        0x0 C:/Program Files/ST/STM32CubeIDE_1.16.0/STM32CubeIDE/plugins/com.st.stm32cube.ide.mcu.externaltools.gnu-tools-for-stm32.13.3.rel1.win32_1.0.0.202411081344/tools/bin/../lib/gcc/arm-none-eabi/13.3.1/thumb/v7e-m+fp/hard/crtbegin.o

.rodata         0x080018e8      0x114
                0x080018e8                        . = ALIGN (0x4)
 *(.rodata)
 .rodata        0x080018e8      0x103 ./Core/Src/main.o
 *(.rodata*)
 *fill*         0x080019eb        0x1 
 .rodata.AHBPrescTable
                0x080019ec       0x10 ./Core/Src/system_stm32f4xx.o
                0x080019ec                AHBPrescTable
                0x080019fc                        . = ALIGN (0x4)

.ARM.extab      0x080019fc        0x0
                0x080019fc                        . = ALIGN (0x4)
 *(.ARM.extab* .gnu.linkonce.armextab.*)
                0x080019fc                        . = ALIGN (0x4)

.ARM            0x080019fc        0x8
                0x080019fc                        . = ALIGN (0x4)
                0x080019fc                        __exidx_start = .
 *(.ARM.exidx*)
 .ARM.exidx     0x080019fc        0x8 C:/Program Files/ST/STM32CubeIDE_1.16.0/STM32CubeIDE/plugins/com.st.stm32cube.ide.mcu.externaltools.gnu-tools-for-stm32.13.3.rel1.win32_1.0.0.202411081344/tools/bin/../lib/gcc/arm-none-eabi/13.3.1/../../../../arm-none-eabi/lib/thumb/v7e-m+fp/hard\libc_nano.a(libc_a-strcmp.o)
 .ARM.exidx     0x08001a04        0x0 C:/Program Files/ST/STM32CubeIDE_1.16.0/STM32CubeIDE/plugins/com.st.stm32cube.ide.mcu.externaltools.gnu-tools-for-stm32.13.3.rel1.win32_1.0.0.202411081344/tools/bin/../lib/gcc/arm-none-eabi/13.3.1/thumb/v7e-m+fp/hard\libgcc.a(_udivmoddi4.o)
                                  0x8 (size before relaxing)
                0x08001a04                        __exidx_end = .
                0x08001a04                        . = ALIGN (0x4)

.preinit_array  0x08001a04        0x0
                0x08001a04                        . = ALIGN (0x4)
                0x08001a04                        PROVIDE (__preinit_array_start = .)
 *(.preinit_array*)
                0x08001a04                        PROVIDE (__preinit_array_end = .)
                0x08001a04                        . = ALIGN (0x4)

.init_array     0x08001a04        0x4
                0x08001a04                        . = ALIGN (0x4)
                0x08001a04                        PROVIDE (__init_array_start = .)
 *(SORT_BY_NAME(.init_array.*))
 *(.init_array*)
 .init_array    0x08001a04        0x4 C:/Program Files/ST/STM32CubeIDE_1.16.0/STM32CubeIDE/plugins/com.st.stm32cube.ide.mcu.externaltools.gnu-tools-for-stm32.13.3.rel1.win32_1.0.0.202411081344/tools/bin/../lib/gcc/arm-none-eabi/13.3.1/thumb/v7e-m+fp/hard/crtbegin.o
                0x08001a08                        PROVIDE (__init_array_end = .)
                0x08001a08                        . = ALIGN (0x4)

.fini_array     0x08001a08        0x4
                0x08001a08                        . = ALIGN (0x4)
                [!provide]                        PROVIDE (__fini_array_start = .)
 *(SORT_BY_NAME(.fini_array.*))
 *(.fini_array*)
 .fini_array    0x08001a08        0x4 C:/Program Files/ST/STM32CubeIDE_1.16.0/STM32CubeIDE/plugins/com.st.stm32cube.ide.mcu.externaltools.gnu-tools-for-stm32.13.3.rel1.win32_1.0.0.202411081344/tools/bin/../lib/gcc/arm-none-eabi/13.3.1/thumb/v7e-m+fp/hard/crtbegin.o
                [!provide]                        PROVIDE (__fini_array_end = .)
                0x08001a0c                        . = ALIGN (0x4)
                0x08001a0c                        _sidata = LOADADDR (.data)

.rel.dyn        0x08001a0c        0x0
 .rel.iplt      0x08001a0c        0x0 C:/Program Files/ST/STM32CubeIDE_1.16.0/STM32CubeIDE/plugins/com.st.stm32cube.ide.mcu.externaltools.gnu-tools-for-stm32.13.3.rel1.win32_1.0.0.202411081344/tools/bin/../lib/gcc/arm-none-eabi/13.3.1/thumb/v7e-m+fp/hard/crtbegin.o

.data           0x20000000        0xc load address 0x08001a0c
                0x20000000                        . = ALIGN (0x4)
                0x20000000                        _sdata = .
 *(.data)
 *(.data*)
 .data.SystemCoreClock
                0x20000000        0x4 ./Core/Src/system_stm32f4xx.o
                0x20000000                SystemCoreClock
 .data.uwTickPrio
                0x20000004        0x4 ./Drivers/STM32F4xx_HAL_Driver/Src/stm32f4xx_hal.o
                0x20000004                uwTickPrio
 .data.uwTickFreq
                0x20000008        0x1 ./Drivers/STM32F4xx_HAL_Driver/Src/stm32f4xx_hal.o
                0x20000008                uwTickFreq
 *(.RamFunc)
 *(.RamFunc*)
                0x2000000c                        . = ALIGN (0x4)
 *fill*         0x20000009        0x3 
                0x2000000c                        _edata = .

.igot.plt       0x2000000c        0x0 load address 0x08001a18
 .igot.plt      0x2000000c        0x0 C:/Program Files/ST/STM32CubeIDE_1.16.0/STM32CubeIDE/plugins/com.st.stm32cube.ide.mcu.externaltools.gnu-tools-for-stm32.13.3.rel1.win32_1.0.0.202411081344/tools/bin/../lib/gcc/arm-none-eabi/13.3.1/thumb/v7e-m+fp/hard/crtbegin.o
                0x2000000c                        . = ALIGN (0x4)

.bss            0x2000000c       0x40 load address 0x08001a18
                0x2000000c                        _sbss = .
                0x2000000c                        __bss_start__ = _sbss
 *(.bss)
 .bss           0x2000000c       0x1c C:/Program Files/ST/STM32CubeIDE_1.16.0/STM32CubeIDE/plugins/com.st.stm32cube.ide.mcu.externaltools.gnu-tools-for-stm32.13.3.rel1.win32_1.0.0.202411081344/tools/bin/../lib/gcc/arm-none-eabi/13.3.1/thumb/v7e-m+fp/hard/crtbegin.o
 *(.bss*)
 .bss.adc_value
                0x20000028        0x2 ./Core/Src/main.o
                0x20000028                adc_value
 .bss.rain_detected
                0x2000002a        0x1 ./Core/Src/main.o
                0x2000002a                rain_detected
 .bss.mode      0x2000002b        0x1 ./Core/Src/main.o
                0x2000002b                mode
 .bss.magnet_detected
                0x2000002c        0x1 ./Core/Src/main.o
                0x2000002c                magnet_detected
 *fill*         0x2000002d        0x3 
 .bss.command   0x20000030       0x14 ./Core/Src/main.o
                0x20000030                command
 .bss.cmd_index
                0x20000044        0x1 ./Core/Src/main.o
                0x20000044                cmd_index
 *fill*         0x20000045        0x3 
 .bss.uwTick    0x20000048        0x4 ./Drivers/STM32F4xx_HAL_Driver/Src/stm32f4xx_hal.o
                0x20000048                uwTick
 *(COMMON)
                0x2000004c                        . = ALIGN (0x4)
                0x2000004c                        _ebss = .
                0x2000004c                        __bss_end__ = _ebss

._user_heap_stack
                0x2000004c      0x604 load address 0x08001a18
                0x20000050                        . = ALIGN (0x8)
 *fill*         0x2000004c        0x4 
                [!provide]                        PROVIDE (end = .)
                0x20000050                        PROVIDE (_end = .)
                0x20000250                        . = (. + _Min_Heap_Size)
 *fill*         0x20000050      0x200 
                0x20000650                        . = (. + _Min_Stack_Size)
 *fill*         0x20000250      0x400 
                0x20000650                        . = ALIGN (0x8)

/DISCARD/
 libc.a(*)
 libm.a(*)
 libgcc.a(*)

.ARM.attributes
                0x00000000       0x30
 *(.ARM.attributes)
 .ARM.attributes
                0x00000000       0x22 C:/Program Files/ST/STM32CubeIDE_1.16.0/STM32CubeIDE/plugins/com.st.stm32cube.ide.mcu.externaltools.gnu-tools-for-stm32.13.3.rel1.win32_1.0.0.202411081344/tools/bin/../lib/gcc/arm-none-eabi/13.3.1/thumb/v7e-m+fp/hard/crti.o
 .ARM.attributes
                0x00000022       0x34 C:/Program Files/ST/STM32CubeIDE_1.16.0/STM32CubeIDE/plugins/com.st.stm32cube.ide.mcu.externaltools.gnu-tools-for-stm32.13.3.rel1.win32_1.0.0.202411081344/tools/bin/../lib/gcc/arm-none-eabi/13.3.1/thumb/v7e-m+fp/hard/crtbegin.o
 .ARM.attributes
                0x00000056       0x34 ./Core/Src/main.o
 .ARM.attributes
                0x0000008a       0x34 ./Core/Src/stm32f4xx_hal_msp.o
 .ARM.attributes
                0x000000be       0x34 ./Core/Src/stm32f4xx_it.o
 .ARM.attributes
                0x000000f2       0x34 ./Core/Src/system_stm32f4xx.o
 .ARM.attributes
                0x00000126       0x21 ./Core/Startup/startup_stm32f401ccux.o
 .ARM.attributes
                0x00000147       0x34 ./Drivers/STM32F4xx_HAL_Driver/Src/stm32f4xx_hal.o
 .ARM.attributes
                0x0000017b       0x34 ./Drivers/STM32F4xx_HAL_Driver/Src/stm32f4xx_hal_cortex.o
 .ARM.attributes
                0x000001af       0x34 ./Drivers/STM32F4xx_HAL_Driver/Src/stm32f4xx_hal_rcc.o
 .ARM.attributes
                0x000001e3       0x34 C:/Program Files/ST/STM32CubeIDE_1.16.0/STM32CubeIDE/plugins/com.st.stm32cube.ide.mcu.externaltools.gnu-tools-for-stm32.13.3.rel1.win32_1.0.0.202411081344/tools/bin/../lib/gcc/arm-none-eabi/13.3.1/../../../../arm-none-eabi/lib/thumb/v7e-m+fp/hard\libc_nano.a(libc_a-memset.o)
 .ARM.attributes
                0x00000217       0x34 C:/Program Files/ST/STM32CubeIDE_1.16.0/STM32CubeIDE/plugins/com.st.stm32cube.ide.mcu.externaltools.gnu-tools-for-stm32.13.3.rel1.win32_1.0.0.202411081344/tools/bin/../lib/gcc/arm-none-eabi/13.3.1/../../../../arm-none-eabi/lib/thumb/v7e-m+fp/hard\libc_nano.a(libc_a-init.o)
 .ARM.attributes
                0x0000024b       0x20 C:/Program Files/ST/STM32CubeIDE_1.16.0/STM32CubeIDE/plugins/com.st.stm32cube.ide.mcu.externaltools.gnu-tools-for-stm32.13.3.rel1.win32_1.0.0.202411081344/tools/bin/../lib/gcc/arm-none-eabi/13.3.1/../../../../arm-none-eabi/lib/thumb/v7e-m+fp/hard\libc_nano.a(libc_a-strcmp.o)
 .ARM.attributes
                0x0000026b       0x22 C:/Program Files/ST/STM32CubeIDE_1.16.0/STM32CubeIDE/plugins/com.st.stm32cube.ide.mcu.externaltools.gnu-tools-for-stm32.13.3.rel1.win32_1.0.0.202411081344/tools/bin/../lib/gcc/arm-none-eabi/13.3.1/thumb/v7e-m+fp/hard\libgcc.a(_aeabi_uldivmod.o)
 .ARM.attributes
                0x0000028d       0x34 C:/Program Files/ST/STM32CubeIDE_1.16.0/STM32CubeIDE/plugins/com.st.stm32cube.ide.mcu.externaltools.gnu-tools-for-stm32.13.3.rel1.win32_1.0.0.202411081344/tools/bin/../lib/gcc/arm-none-eabi/13.3.1/thumb/v7e-m+fp/hard\libgcc.a(_udivmoddi4.o)
 .ARM.attributes
                0x000002c1       0x22 C:/Program Files/ST/STM32CubeIDE_1.16.0/STM32CubeIDE/plugins/com.st.stm32cube.ide.mcu.externaltools.gnu-tools-for-stm32.13.3.rel1.win32_1.0.0.202411081344/tools/bin/../lib/gcc/arm-none-eabi/13.3.1/thumb/v7e-m+fp/hard\libgcc.a(_dvmd_tls.o)
 .ARM.attributes
                0x000002e3       0x22 C:/Program Files/ST/STM32CubeIDE_1.16.0/STM32CubeIDE/plugins/com.st.stm32cube.ide.mcu.externaltools.gnu-tools-for-stm32.13.3.rel1.win32_1.0.0.202411081344/tools/bin/../lib/gcc/arm-none-eabi/13.3.1/thumb/v7e-m+fp/hard/crtn.o
OUTPUT(REVERSE_ROTATION.elf elf32-littlearm)
LOAD linker stubs
LOAD C:/Program Files/ST/STM32CubeIDE_1.16.0/STM32CubeIDE/plugins/com.st.stm32cube.ide.mcu.externaltools.gnu-tools-for-stm32.13.3.rel1.win32_1.0.0.202411081344/tools/bin/../lib/gcc/arm-none-eabi/13.3.1/../../../../arm-none-eabi/lib/thumb/v7e-m+fp/hard\libc.a
LOAD C:/Program Files/ST/STM32CubeIDE_1.16.0/STM32CubeIDE/plugins/com.st.stm32cube.ide.mcu.externaltools.gnu-tools-for-stm32.13.3.rel1.win32_1.0.0.202411081344/tools/bin/../lib/gcc/arm-none-eabi/13.3.1/../../../../arm-none-eabi/lib/thumb/v7e-m+fp/hard\libm.a
LOAD C:/Program Files/ST/STM32CubeIDE_1.16.0/STM32CubeIDE/plugins/com.st.stm32cube.ide.mcu.externaltools.gnu-tools-for-stm32.13.3.rel1.win32_1.0.0.202411081344/tools/bin/../lib/gcc/arm-none-eabi/13.3.1/thumb/v7e-m+fp/hard\libgcc.a

.debug_info     0x00000000     0x37b4
 .debug_info    0x00000000      0xfed ./Core/Src/main.o
 .debug_info    0x00000fed      0x291 ./Core/Src/stm32f4xx_hal_msp.o
 .debug_info    0x0000127e      0x112 ./Core/Src/stm32f4xx_it.o
 .debug_info    0x00001390      0x53e ./Core/Src/system_stm32f4xx.o
 .debug_info    0x000018ce       0x30 ./Core/Startup/startup_stm32f401ccux.o
 .debug_info    0x000018fe      0x8bb ./Drivers/STM32F4xx_HAL_Driver/Src/stm32f4xx_hal.o
 .debug_info    0x000021b9      0xcf6 ./Drivers/STM32F4xx_HAL_Driver/Src/stm32f4xx_hal_cortex.o
 .debug_info    0x00002eaf      0x905 ./Drivers/STM32F4xx_HAL_Driver/Src/stm32f4xx_hal_rcc.o

.debug_abbrev   0x00000000      0xdf8
 .debug_abbrev  0x00000000      0x351 ./Core/Src/main.o
 .debug_abbrev  0x00000351       0xd8 ./Core/Src/stm32f4xx_hal_msp.o
 .debug_abbrev  0x00000429       0x73 ./Core/Src/stm32f4xx_it.o
 .debug_abbrev  0x0000049c      0x11a ./Core/Src/system_stm32f4xx.o
 .debug_abbrev  0x000005b6       0x24 ./Core/Startup/startup_stm32f401ccux.o
 .debug_abbrev  0x000005da      0x24b ./Drivers/STM32F4xx_HAL_Driver/Src/stm32f4xx_hal.o
 .debug_abbrev  0x00000825      0x31d ./Drivers/STM32F4xx_HAL_Driver/Src/stm32f4xx_hal_cortex.o
 .debug_abbrev  0x00000b42      0x2b6 ./Drivers/STM32F4xx_HAL_Driver/Src/stm32f4xx_hal_rcc.o

.debug_aranges  0x00000000      0x418
 .debug_aranges
                0x00000000       0xa0 ./Core/Src/main.o
 .debug_aranges
                0x000000a0       0x20 ./Core/Src/stm32f4xx_hal_msp.o
 .debug_aranges
                0x000000c0       0x60 ./Core/Src/stm32f4xx_it.o
 .debug_aranges
                0x00000120       0x28 ./Core/Src/system_stm32f4xx.o
 .debug_aranges
                0x00000148       0x28 ./Core/Startup/startup_stm32f401ccux.o
 .debug_aranges
                0x00000170       0xf0 ./Drivers/STM32F4xx_HAL_Driver/Src/stm32f4xx_hal.o
 .debug_aranges
                0x00000260      0x130 ./Drivers/STM32F4xx_HAL_Driver/Src/stm32f4xx_hal_cortex.o
 .debug_aranges
                0x00000390       0x88 ./Drivers/STM32F4xx_HAL_Driver/Src/stm32f4xx_hal_rcc.o

.debug_rnglists
                0x00000000      0x305
 .debug_rnglists
                0x00000000       0x87 ./Core/Src/main.o
 .debug_rnglists
                0x00000087       0x13 ./Core/Src/stm32f4xx_hal_msp.o
 .debug_rnglists
                0x0000009a       0x43 ./Core/Src/stm32f4xx_it.o
 .debug_rnglists
                0x000000dd       0x1a ./Core/Src/system_stm32f4xx.o
 .debug_rnglists
                0x000000f7       0x19 ./Core/Startup/startup_stm32f401ccux.o
 .debug_rnglists
                0x00000110       0xaf ./Drivers/STM32F4xx_HAL_Driver/Src/stm32f4xx_hal.o
 .debug_rnglists
                0x000001bf       0xe0 ./Drivers/STM32F4xx_HAL_Driver/Src/stm32f4xx_hal_cortex.o
 .debug_rnglists
                0x0000029f       0x66 ./Drivers/STM32F4xx_HAL_Driver/Src/stm32f4xx_hal_rcc.o

.debug_macro    0x00000000    0x1499c
 .debug_macro   0x00000000      0x2d0 ./Core/Src/main.o
 .debug_macro   0x000002d0      0xad8 ./Core/Src/main.o
 .debug_macro   0x00000da8      0x28f ./Core/Src/main.o
 .debug_macro   0x00001037       0x2e ./Core/Src/main.o
 .debug_macro   0x00001065       0x28 ./Core/Src/main.o
 .debug_macro   0x0000108d       0x22 ./Core/Src/main.o
 .debug_macro   0x000010af       0x8e ./Core/Src/main.o
 .debug_macro   0x0000113d       0x51 ./Core/Src/main.o
 .debug_macro   0x0000118e      0x103 ./Core/Src/main.o
 .debug_macro   0x00001291       0x6a ./Core/Src/main.o
 .debug_macro   0x000012fb      0x1df ./Core/Src/main.o
 .debug_macro   0x000014da       0x1c ./Core/Src/main.o
 .debug_macro   0x000014f6       0x22 ./Core/Src/main.o
 .debug_macro   0x00001518       0xfb ./Core/Src/main.o
 .debug_macro   0x00001613     0x1011 ./Core/Src/main.o
 .debug_macro   0x00002624      0x11f ./Core/Src/main.o
 .debug_macro   0x00002743     0xb881 ./Core/Src/main.o
 .debug_macro   0x0000dfc4       0x6d ./Core/Src/main.o
 .debug_macro   0x0000e031     0x3693 ./Core/Src/main.o
 .debug_macro   0x000116c4      0x190 ./Core/Src/main.o
 .debug_macro   0x00011854       0x5c ./Core/Src/main.o
 .debug_macro   0x000118b0      0x416 ./Core/Src/main.o
 .debug_macro   0x00011cc6      0x9e9 ./Core/Src/main.o
 .debug_macro   0x000126af      0x115 ./Core/Src/main.o
 .debug_macro   0x000127c4       0xf8 ./Core/Src/main.o
 .debug_macro   0x000128bc       0xa5 ./Core/Src/main.o
 .debug_macro   0x00012961      0x15f ./Core/Src/main.o
 .debug_macro   0x00012ac0      0x287 ./Core/Src/main.o
 .debug_macro   0x00012d47       0x5f ./Core/Src/main.o
 .debug_macro   0x00012da6      0x236 ./Core/Src/main.o
 .debug_macro   0x00012fdc      0x132 ./Core/Src/main.o
 .debug_macro   0x0001310e      0x23a ./Core/Src/main.o
 .debug_macro   0x00013348       0x2e ./Core/Src/main.o
 .debug_macro   0x00013376      0x127 ./Core/Src/main.o
 .debug_macro   0x0001349d       0x85 ./Core/Src/main.o
 .debug_macro   0x00013522       0x89 ./Core/Src/main.o
 .debug_macro   0x000135ab      0x126 ./Core/Src/main.o
 .debug_macro   0x000136d1       0x61 ./Core/Src/main.o
 .debug_macro   0x00013732       0x2a ./Core/Src/main.o
 .debug_macro   0x0001375c       0x43 ./Core/Src/main.o
 .debug_macro   0x0001379f       0x34 ./Core/Src/main.o
 .debug_macro   0x000137d3      0x370 ./Core/Src/main.o
 .debug_macro   0x00013b43       0x16 ./Core/Src/main.o
 .debug_macro   0x00013b59       0x4a ./Core/Src/main.o
 .debug_macro   0x00013ba3       0x34 ./Core/Src/main.o
 .debug_macro   0x00013bd7       0x10 ./Core/Src/main.o
 .debug_macro   0x00013be7       0x58 ./Core/Src/main.o
 .debug_macro   0x00013c3f       0x8e ./Core/Src/main.o
 .debug_macro   0x00013ccd       0x1c ./Core/Src/main.o
 .debug_macro   0x00013ce9      0x185 ./Core/Src/main.o
 .debug_macro   0x00013e6e       0x10 ./Core/Src/main.o
 .debug_macro   0x00013e7e       0x3c ./Core/Src/main.o
 .debug_macro   0x00013eba       0x20 ./Core/Src/main.o
 .debug_macro   0x00013eda      0x1ba ./Core/Src/stm32f4xx_hal_msp.o
 .debug_macro   0x00014094      0x1c4 ./Core/Src/stm32f4xx_it.o
 .debug_macro   0x00014258      0x1b0 ./Core/Src/system_stm32f4xx.o
 .debug_macro   0x00014408      0x210 ./Drivers/STM32F4xx_HAL_Driver/Src/stm32f4xx_hal.o
 .debug_macro   0x00014618      0x1b0 ./Drivers/STM32F4xx_HAL_Driver/Src/stm32f4xx_hal_cortex.o
 .debug_macro   0x000147c8      0x1d4 ./Drivers/STM32F4xx_HAL_Driver/Src/stm32f4xx_hal_rcc.o

.debug_line     0x00000000     0x4e4d
 .debug_line    0x00000000      0xe93 ./Core/Src/main.o
 .debug_line    0x00000e93      0x7bc ./Core/Src/stm32f4xx_hal_msp.o
 .debug_line    0x0000164f      0x86b ./Core/Src/stm32f4xx_it.o
 .debug_line    0x00001eba      0x832 ./Core/Src/system_stm32f4xx.o
 .debug_line    0x000026ec       0x7a ./Core/Startup/startup_stm32f401ccux.o
 .debug_line    0x00002766      0xaae ./Drivers/STM32F4xx_HAL_Driver/Src/stm32f4xx_hal.o
 .debug_line    0x00003214      0xd7e ./Drivers/STM32F4xx_HAL_Driver/Src/stm32f4xx_hal_cortex.o
 .debug_line    0x00003f92      0xebb ./Drivers/STM32F4xx_HAL_Driver/Src/stm32f4xx_hal_rcc.o

.debug_str      0x00000000    0x81b44
 .debug_str     0x00000000    0x81b44 ./Core/Src/main.o
                              0x810a0 (size before relaxing)
 .debug_str     0x00081b44    0x7d600 ./Core/Src/stm32f4xx_hal_msp.o
 .debug_str     0x00081b44    0x7d574 ./Core/Src/stm32f4xx_it.o
 .debug_str     0x00081b44    0x7d6b0 ./Core/Src/system_stm32f4xx.o
 .debug_str     0x00081b44       0x68 ./Core/Startup/startup_stm32f401ccux.o
 .debug_str     0x00081b44    0x7e0d2 ./Drivers/STM32F4xx_HAL_Driver/Src/stm32f4xx_hal.o
 .debug_str     0x00081b44    0x7de3c ./Drivers/STM32F4xx_HAL_Driver/Src/stm32f4xx_hal_cortex.o
 .debug_str     0x00081b44    0x7dae4 ./Drivers/STM32F4xx_HAL_Driver/Src/stm32f4xx_hal_rcc.o

.comment        0x00000000       0x43
 .comment       0x00000000       0x43 ./Core/Src/main.o
                                 0x44 (size before relaxing)
 .comment       0x00000043       0x44 ./Core/Src/stm32f4xx_hal_msp.o
 .comment       0x00000043       0x44 ./Core/Src/stm32f4xx_it.o
 .comment       0x00000043       0x44 ./Core/Src/system_stm32f4xx.o
 .comment       0x00000043       0x44 ./Drivers/STM32F4xx_HAL_Driver/Src/stm32f4xx_hal.o
 .comment       0x00000043       0x44 ./Drivers/STM32F4xx_HAL_Driver/Src/stm32f4xx_hal_cortex.o
 .comment       0x00000043       0x44 ./Drivers/STM32F4xx_HAL_Driver/Src/stm32f4xx_hal_rcc.o

.debug_frame    0x00000000      0xf14
 .debug_frame   0x00000000      0x244 ./Core/Src/main.o
 .debug_frame   0x00000244       0x38 ./Core/Src/stm32f4xx_hal_msp.o
 .debug_frame   0x0000027c      0x104 ./Core/Src/stm32f4xx_it.o
 .debug_frame   0x00000380       0x58 ./Core/Src/system_stm32f4xx.o
 .debug_frame   0x000003d8      0x374 ./Drivers/STM32F4xx_HAL_Driver/Src/stm32f4xx_hal.o
 .debug_frame   0x0000074c      0x508 ./Drivers/STM32F4xx_HAL_Driver/Src/stm32f4xx_hal_cortex.o
 .debug_frame   0x00000c54      0x1f4 ./Drivers/STM32F4xx_HAL_Driver/Src/stm32f4xx_hal_rcc.o
 .debug_frame   0x00000e48       0x20 C:/Program Files/ST/STM32CubeIDE_1.16.0/STM32CubeIDE/plugins/com.st.stm32cube.ide.mcu.externaltools.gnu-tools-for-stm32.13.3.rel1.win32_1.0.0.202411081344/tools/bin/../lib/gcc/arm-none-eabi/13.3.1/../../../../arm-none-eabi/lib/thumb/v7e-m+fp/hard\libc_nano.a(libc_a-memset.o)
 .debug_frame   0x00000e68       0x2c C:/Program Files/ST/STM32CubeIDE_1.16.0/STM32CubeIDE/plugins/com.st.stm32cube.ide.mcu.externaltools.gnu-tools-for-stm32.13.3.rel1.win32_1.0.0.202411081344/tools/bin/../lib/gcc/arm-none-eabi/13.3.1/../../../../arm-none-eabi/lib/thumb/v7e-m+fp/hard\libc_nano.a(libc_a-init.o)
 .debug_frame   0x00000e94       0x20 C:/Program Files/ST/STM32CubeIDE_1.16.0/STM32CubeIDE/plugins/com.st.stm32cube.ide.mcu.externaltools.gnu-tools-for-stm32.13.3.rel1.win32_1.0.0.202411081344/tools/bin/../lib/gcc/arm-none-eabi/13.3.1/../../../../arm-none-eabi/lib/thumb/v7e-m+fp/hard\libc_nano.a(libc_a-strcmp.o)
 .debug_frame   0x00000eb4       0x2c C:/Program Files/ST/STM32CubeIDE_1.16.0/STM32CubeIDE/plugins/com.st.stm32cube.ide.mcu.externaltools.gnu-tools-for-stm32.13.3.rel1.win32_1.0.0.202411081344/tools/bin/../lib/gcc/arm-none-eabi/13.3.1/thumb/v7e-m+fp/hard\libgcc.a(_aeabi_uldivmod.o)
 .debug_frame   0x00000ee0       0x34 C:/Program Files/ST/STM32CubeIDE_1.16.0/STM32CubeIDE/plugins/com.st.stm32cube.ide.mcu.externaltools.gnu-tools-for-stm32.13.3.rel1.win32_1.0.0.202411081344/tools/bin/../lib/gcc/arm-none-eabi/13.3.1/thumb/v7e-m+fp/hard\libgcc.a(_udivmoddi4.o)

.debug_line_str
                0x00000000       0x4c
 .debug_line_str
                0x00000000       0x4c ./Core/Startup/startup_stm32f401ccux.o
