../Drivers/CMSIS/Include/core_cm4.h:1684:22:__NVIC_EnableIRQ	16	static,ignoring_inline_asm
../Drivers/CMSIS/Include/core_cm4.h:1814:22:__NVIC_SetPriority	16	static
../Core/Src/main.c:43:5:main	8	static,ignoring_inline_asm
../Core/Src/main.c:93:6:Motor_Forward	4	static
../Core/Src/main.c:102:6:Motor_Reverse	4	static
../Core/Src/main.c:111:6:Motor_Stop	4	static
../Core/Src/main.c:121:6:GPIO_Init	4	static
../Core/Src/main.c:162:6:ADC1_Init	8	static
../Core/Src/main.c:186:6:ADC_IRQHandler	4	static
../Core/Src/main.c:203:6:USART1_Init	4	static
../Core/Src/main.c:210:6:Serial_Print	16	static
../Core/Src/main.c:221:6:USART2_Init	8	static
../Core/Src/main.c:234:6:USART2_IRQHandler	16	static
../Core/Src/main.c:287:6:TIM2_Init	4	static
../Core/Src/main.c:304:6:delay_ms	24	static,ignoring_inline_asm
../Core/Src/main.c:314:6:SystemClock_Config	88	static
../Core/Src/main.c:359:6:Error_Handler	4	static,ignoring_inline_asm
